INFO:scenarionet.converter.waymo.utils:
Reading raw data
INFO:scenarionet.converter.waymo.utils:
Find 3 waymo files
INFO:__main__:We will read 3 raw files. You set the number of workers to 1. Please make sure there will not be too much files to be read in each worker (now it's 3.0)!
Worker 0 Number of raw file:   0%|          | 0/3 [00:00<?, ?it/s]INFO:scenarionet.converter.waymo.utils:Worker 0 is reading raw file: /srv/dev-disk-by-uuid-2fb9cb63-8fe8-4912-a8e8-baa0c60742f7/data/code/jovyan/科研/AutoDrive/wodm/scenario/training/training.tfrecord-00226-of-01000
Worker 0 Number of raw file:  33%|███▎      | 1/3 [01:27<02:55, 87.51s/it]INFO:scenarionet.converter.waymo.utils:Worker 0 is reading raw file: /srv/dev-disk-by-uuid-2fb9cb63-8fe8-4912-a8e8-baa0c60742f7/data/code/jovyan/科研/AutoDrive/wodm/scenario/training/training.tfrecord-00225-of-01000
INFO:/srv/dev-disk-by-uuid-2fb9cb63-8fe8-4912-a8e8-baa0c60742f7/data/code/jovyan/科研/AutoDrive/scenarionet/scenarionet/converter/utils.py:Worker 0 has processed 500 scenarios.
Worker 0 Number of raw file:  67%|██████▋   | 2/3 [02:48<01:23, 83.41s/it]INFO:scenarionet.converter.waymo.utils:Worker 0 is reading raw file: /srv/dev-disk-by-uuid-2fb9cb63-8fe8-4912-a8e8-baa0c60742f7/data/code/jovyan/科研/AutoDrive/wodm/scenario/training/training.tfrecord-00227-of-01000
INFO:/srv/dev-disk-by-uuid-2fb9cb63-8fe8-4912-a8e8-baa0c60742f7/data/code/jovyan/科研/AutoDrive/scenarionet/scenarionet/converter/utils.py:Worker 0 has processed 1000 scenarios.
Worker 0 Number of raw file: 100%|██████████| 3/3 [04:13<00:00, 84.30s/it]                                                                          INFO:scenarionet.converter.waymo.utils:Worker 0 finished read 3 files.
INFO:root:
 ================ Dataset Summary and Mapping are saved at: /srv/dev-disk-by-uuid-2fb9cb63-8fe8-4912-a8e8-baa0c60742f7/data/code/jovyan/科研/AutoDrive/waymo_batches/part_0225_0227/part_0225_0227_0_tmp/dataset_summary.pkl ================ 

INFO:/srv/dev-disk-by-uuid-2fb9cb63-8fe8-4912-a8e8-baa0c60742f7/data/code/jovyan/科研/AutoDrive/scenarionet/scenarionet/converter/utils.py:Worker 0 finished! Files are saved at: /srv/dev-disk-by-uuid-2fb9cb63-8fe8-4912-a8e8-baa0c60742f7/data/code/jovyan/科研/AutoDrive/waymo_batches/part_0225_0227/part_0225_0227_0
Merge Data:   0%|          | 0/1 [00:00<?, ?it/s]Merge Data: 100%|██████████| 1/1 [00:00<00:00,  5.30it/s]Merge Data: 100%|██████████| 1/1 [00:00<00:00,  5.29it/s]
Filter Scenarios:   0%|          | 0/1440 [00:00<?, ?it/s]Filter Scenarios: 100%|██████████| 1440/1440 [00:00<00:00, 754503.16it/s]
INFO:root:
 ================ Dataset Summary and Mapping are saved at: /srv/dev-disk-by-uuid-2fb9cb63-8fe8-4912-a8e8-baa0c60742f7/data/code/jovyan/科研/AutoDrive/waymo_batches/part_0225_0227/dataset_summary.pkl ================ 

/srv/dev-disk-by-uuid-2fb9cb63-8fe8-4912-a8e8-baa0c60742f7/data/code/jovyan/科研/AutoDrive/scenarionet/scenarionet/num.py:4: UserWarning: pkg_resources is deprecated as an API. See https://setuptools.pypa.io/en/latest/pkg_resources.html. The pkg_resources package is slated for removal as early as 2025-11-30. Refrain from using this package or pin to Setuptools<81.
  import pkg_resources  # for suppress warning
INFO:/srv/dev-disk-by-uuid-2fb9cb63-8fe8-4912-a8e8-baa0c60742f7/data/code/jovyan/科研/AutoDrive/scenarionet/scenarionet/num.py:Number of scenarios: 1440
